2026-05-31 19:12:33,224 [INFO] WirelessChargerMonitor: Database initialized: charging_data.db
2026-05-31 19:12:33,425 [INFO] WirelessChargerMonitor: Ports scanned: 5 device(s)
2026-05-31 20:45:54,453 [INFO] WirelessChargerMonitor: Database initialized: charging_data.db
2026-05-31 20:45:54,475 [INFO] WirelessChargerMonitor: Ports scanned: 5 device(s)
2026-05-31 20:50:40,819 [INFO] WirelessChargerMonitor: Database initialized: charging_data.db
2026-05-31 20:50:40,838 [INFO] WirelessChargerMonitor: Ports scanned: 5 device(s)
2026-05-31 21:26:44,210 [INFO] WirelessChargerMonitor: Database initialized: charging_data.db
2026-05-31 21:26:44,229 [INFO] WirelessChargerMonitor: Ports scanned: 5 device(s)
2026-05-31 21:27:26,154 [INFO] WirelessChargerMonitor: Database initialized: charging_data.db
2026-05-31 21:27:26,189 [INFO] WirelessChargerMonitor: Ports scanned: 5 device(s)
2026-05-31 21:27:31,988 [INFO] WirelessChargerMonitor: DBWorker stopped
2026-05-31 21:27:32,004 [INFO] WirelessChargerMonitor: FetchWorker stopped
2026-05-31 21:29:17,418 [INFO] WirelessChargerMonitor: Database initialized: charging_data.db
2026-05-31 21:29:17,435 [INFO] WirelessChargerMonitor: Ports scanned: 5 device(s)
2026-05-31 21:29:21,142 [INFO] WirelessChargerMonitor: DBWorker stopped
2026-05-31 21:29:21,157 [INFO] WirelessChargerMonitor: FetchWorker stopped
2026-05-31 21:33:07,995 [INFO] WirelessChargerMonitor: DBWorker stopped
2026-05-31 21:33:08,059 [INFO] WirelessChargerMonitor: FetchWorker stopped
2026-05-31 21:33:15,902 [INFO] WirelessChargerMonitor: Database initialized: charging_data.db
2026-05-31 21:33:15,920 [INFO] WirelessChargerMonitor: Ports scanned: 5 device(s)
2026-05-31 22:00:10,222 [INFO] WirelessChargerMonitor: Database initialized: charging_data.db
2026-05-31 22:00:10,262 [INFO] WirelessChargerMonitor: Ports scanned: 6 device(s)
2026-05-31 22:00:25,945 [INFO] WirelessChargerMonitor: Session created: id=1 uuid=463A2A38 port=COM6
2026-05-31 22:00:25,955 [INFO] WirelessChargerMonitor: Monitoring started: session=1 port=COM6 baud=2000000 demo=False
2026-05-31 22:00:25,958 [INFO] WirelessChargerMonitor: Serial connected: COM6 @ 2000000
2026-05-31 22:03:35,042 [INFO] WirelessChargerMonitor: Database initialized: charging_data.db
2026-05-31 22:03:35,067 [INFO] WirelessChargerMonitor: Ports scanned: 6 device(s)
2026-05-31 22:03:53,609 [INFO] WirelessChargerMonitor: Session created: id=2 uuid=BDC23C0C port=COM6
2026-05-31 22:03:53,618 [INFO] WirelessChargerMonitor: Monitoring started: session=2 port=COM6 baud=2000000 demo=False
2026-05-31 22:03:53,620 [INFO] WirelessChargerMonitor: Serial connected: COM6 @ 2000000
2026-05-31 22:06:14,153 [ERROR] WirelessChargerMonitor: Serial read error on COM6
Traceback (most recent call last):
  File "D:\windlink\windlink\WirelessChargerMonitor\main.py", line 437, in run
    self._read_loop()
  File "D:\windlink\windlink\WirelessChargerMonitor\main.py", line 398, in _read_loop
    waiting = self.serial_conn.in_waiting
  File "C:\Program Files\Python310\lib\site-packages\serial\serialwin32.py", line 259, in in_waiting
    raise SerialException("ClearCommError failed ({!r})".format(ctypes.WinError()))
serial.serialutil.SerialException: ClearCommError failed (PermissionError(13, 'Access is denied.', None, 5))
2026-05-31 22:06:14,230 [WARNING] WirelessChargerMonitor: Reconnect attempt 1/5 on COM6
2026-05-31 22:06:17,247 [WARNING] WirelessChargerMonitor: Reconnect failed on COM6
Traceback (most recent call last):
  File "D:\windlink\windlink\WirelessChargerMonitor\main.py", line 437, in run
    self._read_loop()
  File "D:\windlink\windlink\WirelessChargerMonitor\main.py", line 398, in _read_loop
    waiting = self.serial_conn.in_waiting
  File "C:\Program Files\Python310\lib\site-packages\serial\serialwin32.py", line 259, in in_waiting
    raise SerialException("ClearCommError failed ({!r})".format(ctypes.WinError()))
serial.serialutil.SerialException: ClearCommError failed (PermissionError(13, 'Access is denied.', None, 5))

During handling of the above exception, another exception occurred:

Traceback (most recent call last):
  File "D:\windlink\windlink\WirelessChargerMonitor\main.py", line 449, in run
    self._open_serial()
  File "D:\windlink\windlink\WirelessChargerMonitor\main.py", line 373, in _open_serial
    self.serial_conn = serial.Serial(self.port, self.baudrate, timeout=0)
  File "C:\Program Files\Python310\lib\site-packages\serial\serialwin32.py", line 33, in __init__
    super(Serial, self).__init__(*args, **kwargs)
  File "C:\Program Files\Python310\lib\site-packages\serial\serialutil.py", line 244, in __init__
    self.open()
  File "C:\Program Files\Python310\lib\site-packages\serial\serialwin32.py", line 64, in open
    raise SerialException("could not open port {!r}: {!r}".format(self.portstr, ctypes.WinError()))
serial.serialutil.SerialException: could not open port 'COM6': FileNotFoundError(2, 'The system cannot find the file specified.', None, 2)
2026-05-31 22:06:17,294 [ERROR] WirelessChargerMonitor: Serial read error on COM6
Traceback (most recent call last):
  File "D:\windlink\windlink\WirelessChargerMonitor\main.py", line 437, in run
    self._read_loop()
  File "D:\windlink\windlink\WirelessChargerMonitor\main.py", line 398, in _read_loop
    waiting = self.serial_conn.in_waiting
  File "C:\Program Files\Python310\lib\site-packages\serial\serialwin32.py", line 259, in in_waiting
    raise SerialException("ClearCommError failed ({!r})".format(ctypes.WinError()))
serial.serialutil.SerialException: ClearCommError failed (OSError(9, 'The handle is invalid.', None, 6))
2026-05-31 22:06:17,297 [WARNING] WirelessChargerMonitor: Reconnect attempt 2/5 on COM6
2026-05-31 22:06:20,298 [WARNING] WirelessChargerMonitor: Reconnect failed on COM6
Traceback (most recent call last):
  File "D:\windlink\windlink\WirelessChargerMonitor\main.py", line 437, in run
    self._read_loop()
  File "D:\windlink\windlink\WirelessChargerMonitor\main.py", line 398, in _read_loop
    waiting = self.serial_conn.in_waiting
  File "C:\Program Files\Python310\lib\site-packages\serial\serialwin32.py", line 259, in in_waiting
    raise SerialException("ClearCommError failed ({!r})".format(ctypes.WinError()))
serial.serialutil.SerialException: ClearCommError failed (OSError(9, 'The handle is invalid.', None, 6))

During handling of the above exception, another exception occurred:

Traceback (most recent call last):
  File "D:\windlink\windlink\WirelessChargerMonitor\main.py", line 449, in run
    self._open_serial()
  File "D:\windlink\windlink\WirelessChargerMonitor\main.py", line 373, in _open_serial
    self.serial_conn = serial.Serial(self.port, self.baudrate, timeout=0)
  File "C:\Program Files\Python310\lib\site-packages\serial\serialwin32.py", line 33, in __init__
    super(Serial, self).__init__(*args, **kwargs)
  File "C:\Program Files\Python310\lib\site-packages\serial\serialutil.py", line 244, in __init__
    self.open()
  File "C:\Program Files\Python310\lib\site-packages\serial\serialwin32.py", line 64, in open
    raise SerialException("could not open port {!r}: {!r}".format(self.portstr, ctypes.WinError()))
serial.serialutil.SerialException: could not open port 'COM6': FileNotFoundError(2, 'The system cannot find the file specified.', None, 2)
2026-05-31 22:06:20,299 [ERROR] WirelessChargerMonitor: Serial read error on COM6
Traceback (most recent call last):
  File "D:\windlink\windlink\WirelessChargerMonitor\main.py", line 437, in run
    self._read_loop()
  File "D:\windlink\windlink\WirelessChargerMonitor\main.py", line 398, in _read_loop
    waiting = self.serial_conn.in_waiting
  File "C:\Program Files\Python310\lib\site-packages\serial\serialwin32.py", line 259, in in_waiting
    raise SerialException("ClearCommError failed ({!r})".format(ctypes.WinError()))
serial.serialutil.SerialException: ClearCommError failed (OSError(9, 'The handle is invalid.', None, 6))
2026-05-31 22:06:20,302 [WARNING] WirelessChargerMonitor: Reconnect attempt 3/5 on COM6
2026-05-31 22:06:23,309 [WARNING] WirelessChargerMonitor: Reconnect failed on COM6
Traceback (most recent call last):
  File "D:\windlink\windlink\WirelessChargerMonitor\main.py", line 437, in run
    self._read_loop()
  File "D:\windlink\windlink\WirelessChargerMonitor\main.py", line 398, in _read_loop
    waiting = self.serial_conn.in_waiting
  File "C:\Program Files\Python310\lib\site-packages\serial\serialwin32.py", line 259, in in_waiting
    raise SerialException("ClearCommError failed ({!r})".format(ctypes.WinError()))
serial.serialutil.SerialException: ClearCommError failed (OSError(9, 'The handle is invalid.', None, 6))

During handling of the above exception, another exception occurred:

Traceback (most recent call last):
  File "D:\windlink\windlink\WirelessChargerMonitor\main.py", line 449, in run
    self._open_serial()
  File "D:\windlink\windlink\WirelessChargerMonitor\main.py", line 373, in _open_serial
    self.serial_conn = serial.Serial(self.port, self.baudrate, timeout=0)
  File "C:\Program Files\Python310\lib\site-packages\serial\serialwin32.py", line 33, in __init__
    super(Serial, self).__init__(*args, **kwargs)
  File "C:\Program Files\Python310\lib\site-packages\serial\serialutil.py", line 244, in __init__
    self.open()
  File "C:\Program Files\Python310\lib\site-packages\serial\serialwin32.py", line 64, in open
    raise SerialException("could not open port {!r}: {!r}".format(self.portstr, ctypes.WinError()))
serial.serialutil.SerialException: could not open port 'COM6': FileNotFoundError(2, 'The system cannot find the file specified.', None, 2)
2026-05-31 22:06:23,311 [ERROR] WirelessChargerMonitor: Serial read error on COM6
Traceback (most recent call last):
  File "D:\windlink\windlink\WirelessChargerMonitor\main.py", line 437, in run
    self._read_loop()
  File "D:\windlink\windlink\WirelessChargerMonitor\main.py", line 398, in _read_loop
    waiting = self.serial_conn.in_waiting
  File "C:\Program Files\Python310\lib\site-packages\serial\serialwin32.py", line 259, in in_waiting
    raise SerialException("ClearCommError failed ({!r})".format(ctypes.WinError()))
serial.serialutil.SerialException: ClearCommError failed (OSError(9, 'The handle is invalid.', None, 6))
2026-05-31 22:06:23,314 [WARNING] WirelessChargerMonitor: Reconnect attempt 4/5 on COM6
2026-05-31 22:06:26,323 [WARNING] WirelessChargerMonitor: Reconnect failed on COM6
Traceback (most recent call last):
  File "D:\windlink\windlink\WirelessChargerMonitor\main.py", line 437, in run
    self._read_loop()
  File "D:\windlink\windlink\WirelessChargerMonitor\main.py", line 398, in _read_loop
    waiting = self.serial_conn.in_waiting
  File "C:\Program Files\Python310\lib\site-packages\serial\serialwin32.py", line 259, in in_waiting
    raise SerialException("ClearCommError failed ({!r})".format(ctypes.WinError()))
serial.serialutil.SerialException: ClearCommError failed (OSError(9, 'The handle is invalid.', None, 6))

During handling of the above exception, another exception occurred:

Traceback (most recent call last):
  File "D:\windlink\windlink\WirelessChargerMonitor\main.py", line 449, in run
    self._open_serial()
  File "D:\windlink\windlink\WirelessChargerMonitor\main.py", line 373, in _open_serial
    self.serial_conn = serial.Serial(self.port, self.baudrate, timeout=0)
  File "C:\Program Files\Python310\lib\site-packages\serial\serialwin32.py", line 33, in __init__
    super(Serial, self).__init__(*args, **kwargs)
  File "C:\Program Files\Python310\lib\site-packages\serial\serialutil.py", line 244, in __init__
    self.open()
  File "C:\Program Files\Python310\lib\site-packages\serial\serialwin32.py", line 64, in open
    raise SerialException("could not open port {!r}: {!r}".format(self.portstr, ctypes.WinError()))
serial.serialutil.SerialException: could not open port 'COM6': FileNotFoundError(2, 'The system cannot find the file specified.', None, 2)
2026-05-31 22:06:26,324 [ERROR] WirelessChargerMonitor: Serial read error on COM6
Traceback (most recent call last):
  File "D:\windlink\windlink\WirelessChargerMonitor\main.py", line 437, in run
    self._read_loop()
  File "D:\windlink\windlink\WirelessChargerMonitor\main.py", line 398, in _read_loop
    waiting = self.serial_conn.in_waiting
  File "C:\Program Files\Python310\lib\site-packages\serial\serialwin32.py", line 259, in in_waiting
    raise SerialException("ClearCommError failed ({!r})".format(ctypes.WinError()))
serial.serialutil.SerialException: ClearCommError failed (OSError(9, 'The handle is invalid.', None, 6))
2026-05-31 22:06:26,325 [WARNING] WirelessChargerMonitor: Reconnect attempt 5/5 on COM6
2026-05-31 22:06:29,347 [WARNING] WirelessChargerMonitor: Reconnect failed on COM6
Traceback (most recent call last):
  File "D:\windlink\windlink\WirelessChargerMonitor\main.py", line 437, in run
    self._read_loop()
  File "D:\windlink\windlink\WirelessChargerMonitor\main.py", line 398, in _read_loop
    waiting = self.serial_conn.in_waiting
  File "C:\Program Files\Python310\lib\site-packages\serial\serialwin32.py", line 259, in in_waiting
    raise SerialException("ClearCommError failed ({!r})".format(ctypes.WinError()))
serial.serialutil.SerialException: ClearCommError failed (OSError(9, 'The handle is invalid.', None, 6))

During handling of the above exception, another exception occurred:

Traceback (most recent call last):
  File "D:\windlink\windlink\WirelessChargerMonitor\main.py", line 449, in run
    self._open_serial()
  File "D:\windlink\windlink\WirelessChargerMonitor\main.py", line 373, in _open_serial
    self.serial_conn = serial.Serial(self.port, self.baudrate, timeout=0)
  File "C:\Program Files\Python310\lib\site-packages\serial\serialwin32.py", line 33, in __init__
    super(Serial, self).__init__(*args, **kwargs)
  File "C:\Program Files\Python310\lib\site-packages\serial\serialutil.py", line 244, in __init__
    self.open()
  File "C:\Program Files\Python310\lib\site-packages\serial\serialwin32.py", line 64, in open
    raise SerialException("could not open port {!r}: {!r}".format(self.portstr, ctypes.WinError()))
serial.serialutil.SerialException: could not open port 'COM6': FileNotFoundError(2, 'The system cannot find the file specified.', None, 2)
2026-05-31 22:06:29,348 [ERROR] WirelessChargerMonitor: Serial read error on COM6
Traceback (most recent call last):
  File "D:\windlink\windlink\WirelessChargerMonitor\main.py", line 437, in run
    self._read_loop()
  File "D:\windlink\windlink\WirelessChargerMonitor\main.py", line 398, in _read_loop
    waiting = self.serial_conn.in_waiting
  File "C:\Program Files\Python310\lib\site-packages\serial\serialwin32.py", line 259, in in_waiting
    raise SerialException("ClearCommError failed ({!r})".format(ctypes.WinError()))
serial.serialutil.SerialException: ClearCommError failed (OSError(9, 'The handle is invalid.', None, 6))
2026-05-31 22:06:29,503 [ERROR] WirelessChargerMonitor: Serial connection lost: ClearCommError failed (OSError(9, 'The handle is invalid.', None, 6))
2026-05-31 22:09:43,014 [INFO] WirelessChargerMonitor: Session closed: id=2 ended_at=2026-05-31 22:09:43
2026-05-31 22:09:45,460 [INFO] WirelessChargerMonitor: Session created: id=3 uuid=EFAEBDA7 port=COM6
2026-05-31 22:09:45,470 [INFO] WirelessChargerMonitor: Monitoring started: session=3 port=COM6 baud=2000000 demo=False
2026-05-31 22:09:45,488 [INFO] WirelessChargerMonitor: Serial connected: COM6 @ 2000000
2026-05-31 22:10:02,873 [INFO] WirelessChargerMonitor: Session closed: id=3 ended_at=2026-05-31 22:10:02
2026-05-31 22:10:08,547 [INFO] WirelessChargerMonitor: Session created: id=4 uuid=E37B258B port=COM6
2026-05-31 22:10:08,556 [INFO] WirelessChargerMonitor: Monitoring started: session=4 port=COM6 baud=2000000 demo=False
2026-05-31 22:10:08,559 [INFO] WirelessChargerMonitor: Serial connected: COM6 @ 2000000
2026-05-31 22:10:27,438 [INFO] WirelessChargerMonitor: Database initialized: charging_data.db
2026-05-31 22:10:27,457 [INFO] WirelessChargerMonitor: Ports scanned: 6 device(s)
2026-05-31 22:10:38,454 [INFO] WirelessChargerMonitor: Session created: id=5 uuid=E378A845 port=COM6
2026-05-31 22:10:38,464 [INFO] WirelessChargerMonitor: Monitoring started: session=5 port=COM6 baud=2000000 demo=False
2026-05-31 22:10:38,467 [INFO] WirelessChargerMonitor: Serial connected: COM6 @ 2000000
2026-05-31 22:12:23,375 [ERROR] WirelessChargerMonitor: Serial read error on COM6
Traceback (most recent call last):
  File "D:\windlink\windlink\WirelessChargerMonitor\main.py", line 437, in run
    self._read_loop()
  File "D:\windlink\windlink\WirelessChargerMonitor\main.py", line 398, in _read_loop
    waiting = self.serial_conn.in_waiting
  File "C:\Program Files\Python310\lib\site-packages\serial\serialwin32.py", line 259, in in_waiting
    raise SerialException("ClearCommError failed ({!r})".format(ctypes.WinError()))
serial.serialutil.SerialException: ClearCommError failed (PermissionError(13, 'Access is denied.', None, 5))
2026-05-31 22:12:23,386 [WARNING] WirelessChargerMonitor: Reconnect attempt 1/5 on COM6
2026-05-31 22:12:26,403 [WARNING] WirelessChargerMonitor: Reconnect failed on COM6
Traceback (most recent call last):
  File "D:\windlink\windlink\WirelessChargerMonitor\main.py", line 437, in run
    self._read_loop()
  File "D:\windlink\windlink\WirelessChargerMonitor\main.py", line 398, in _read_loop
    waiting = self.serial_conn.in_waiting
  File "C:\Program Files\Python310\lib\site-packages\serial\serialwin32.py", line 259, in in_waiting
    raise SerialException("ClearCommError failed ({!r})".format(ctypes.WinError()))
serial.serialutil.SerialException: ClearCommError failed (PermissionError(13, 'Access is denied.', None, 5))

During handling of the above exception, another exception occurred:

Traceback (most recent call last):
  File "D:\windlink\windlink\WirelessChargerMonitor\main.py", line 449, in run
    self._open_serial()
  File "D:\windlink\windlink\WirelessChargerMonitor\main.py", line 373, in _open_serial
    self.serial_conn = serial.Serial(self.port, self.baudrate, timeout=0)
  File "C:\Program Files\Python310\lib\site-packages\serial\serialwin32.py", line 33, in __init__
    super(Serial, self).__init__(*args, **kwargs)
  File "C:\Program Files\Python310\lib\site-packages\serial\serialutil.py", line 244, in __init__
    self.open()
  File "C:\Program Files\Python310\lib\site-packages\serial\serialwin32.py", line 64, in open
    raise SerialException("could not open port {!r}: {!r}".format(self.portstr, ctypes.WinError()))
serial.serialutil.SerialException: could not open port 'COM6': FileNotFoundError(2, 'The system cannot find the file specified.', None, 2)
2026-05-31 22:12:26,405 [ERROR] WirelessChargerMonitor: Serial read error on COM6
Traceback (most recent call last):
  File "D:\windlink\windlink\WirelessChargerMonitor\main.py", line 437, in run
    self._read_loop()
  File "D:\windlink\windlink\WirelessChargerMonitor\main.py", line 398, in _read_loop
    waiting = self.serial_conn.in_waiting
  File "C:\Program Files\Python310\lib\site-packages\serial\serialwin32.py", line 259, in in_waiting
    raise SerialException("ClearCommError failed ({!r})".format(ctypes.WinError()))
serial.serialutil.SerialException: ClearCommError failed (OSError(9, 'The handle is invalid.', None, 6))
2026-05-31 22:12:26,418 [WARNING] WirelessChargerMonitor: Reconnect attempt 2/5 on COM6
2026-05-31 22:12:29,424 [WARNING] WirelessChargerMonitor: Reconnect failed on COM6
Traceback (most recent call last):
  File "D:\windlink\windlink\WirelessChargerMonitor\main.py", line 437, in run
    self._read_loop()
  File "D:\windlink\windlink\WirelessChargerMonitor\main.py", line 398, in _read_loop
    waiting = self.serial_conn.in_waiting
  File "C:\Program Files\Python310\lib\site-packages\serial\serialwin32.py", line 259, in in_waiting
    raise SerialException("ClearCommError failed ({!r})".format(ctypes.WinError()))
serial.serialutil.SerialException: ClearCommError failed (OSError(9, 'The handle is invalid.', None, 6))

During handling of the above exception, another exception occurred:

Traceback (most recent call last):
  File "D:\windlink\windlink\WirelessChargerMonitor\main.py", line 449, in run
    self._open_serial()
  File "D:\windlink\windlink\WirelessChargerMonitor\main.py", line 373, in _open_serial
    self.serial_conn = serial.Serial(self.port, self.baudrate, timeout=0)
  File "C:\Program Files\Python310\lib\site-packages\serial\serialwin32.py", line 33, in __init__
    super(Serial, self).__init__(*args, **kwargs)
  File "C:\Program Files\Python310\lib\site-packages\serial\serialutil.py", line 244, in __init__
    self.open()
  File "C:\Program Files\Python310\lib\site-packages\serial\serialwin32.py", line 64, in open
    raise SerialException("could not open port {!r}: {!r}".format(self.portstr, ctypes.WinError()))
serial.serialutil.SerialException: could not open port 'COM6': FileNotFoundError(2, 'The system cannot find the file specified.', None, 2)
2026-05-31 22:12:29,426 [ERROR] WirelessChargerMonitor: Serial read error on COM6
Traceback (most recent call last):
  File "D:\windlink\windlink\WirelessChargerMonitor\main.py", line 437, in run
    self._read_loop()
  File "D:\windlink\windlink\WirelessChargerMonitor\main.py", line 398, in _read_loop
    waiting = self.serial_conn.in_waiting
  File "C:\Program Files\Python310\lib\site-packages\serial\serialwin32.py", line 259, in in_waiting
    raise SerialException("ClearCommError failed ({!r})".format(ctypes.WinError()))
serial.serialutil.SerialException: ClearCommError failed (OSError(9, 'The handle is invalid.', None, 6))
2026-05-31 22:12:29,427 [WARNING] WirelessChargerMonitor: Reconnect attempt 3/5 on COM6
2026-05-31 22:12:32,437 [WARNING] WirelessChargerMonitor: Reconnect failed on COM6
Traceback (most recent call last):
  File "D:\windlink\windlink\WirelessChargerMonitor\main.py", line 437, in run
    self._read_loop()
  File "D:\windlink\windlink\WirelessChargerMonitor\main.py", line 398, in _read_loop
    waiting = self.serial_conn.in_waiting
  File "C:\Program Files\Python310\lib\site-packages\serial\serialwin32.py", line 259, in in_waiting
    raise SerialException("ClearCommError failed ({!r})".format(ctypes.WinError()))
serial.serialutil.SerialException: ClearCommError failed (OSError(9, 'The handle is invalid.', None, 6))

During handling of the above exception, another exception occurred:

Traceback (most recent call last):
  File "D:\windlink\windlink\WirelessChargerMonitor\main.py", line 449, in run
    self._open_serial()
  File "D:\windlink\windlink\WirelessChargerMonitor\main.py", line 373, in _open_serial
    self.serial_conn = serial.Serial(self.port, self.baudrate, timeout=0)
  File "C:\Program Files\Python310\lib\site-packages\serial\serialwin32.py", line 33, in __init__
    super(Serial, self).__init__(*args, **kwargs)
  File "C:\Program Files\Python310\lib\site-packages\serial\serialutil.py", line 244, in __init__
    self.open()
  File "C:\Program Files\Python310\lib\site-packages\serial\serialwin32.py", line 64, in open
    raise SerialException("could not open port {!r}: {!r}".format(self.portstr, ctypes.WinError()))
serial.serialutil.SerialException: could not open port 'COM6': FileNotFoundError(2, 'The system cannot find the file specified.', None, 2)
2026-05-31 22:12:32,439 [ERROR] WirelessChargerMonitor: Serial read error on COM6
Traceback (most recent call last):
  File "D:\windlink\windlink\WirelessChargerMonitor\main.py", line 437, in run
    self._read_loop()
  File "D:\windlink\windlink\WirelessChargerMonitor\main.py", line 398, in _read_loop
    waiting = self.serial_conn.in_waiting
  File "C:\Program Files\Python310\lib\site-packages\serial\serialwin32.py", line 259, in in_waiting
    raise SerialException("ClearCommError failed ({!r})".format(ctypes.WinError()))
serial.serialutil.SerialException: ClearCommError failed (OSError(9, 'The handle is invalid.', None, 6))
2026-05-31 22:12:32,439 [WARNING] WirelessChargerMonitor: Reconnect attempt 4/5 on COM6
2026-05-31 22:12:35,442 [WARNING] WirelessChargerMonitor: Reconnect failed on COM6
Traceback (most recent call last):
  File "D:\windlink\windlink\WirelessChargerMonitor\main.py", line 437, in run
    self._read_loop()
  File "D:\windlink\windlink\WirelessChargerMonitor\main.py", line 398, in _read_loop
    waiting = self.serial_conn.in_waiting
  File "C:\Program Files\Python310\lib\site-packages\serial\serialwin32.py", line 259, in in_waiting
    raise SerialException("ClearCommError failed ({!r})".format(ctypes.WinError()))
serial.serialutil.SerialException: ClearCommError failed (OSError(9, 'The handle is invalid.', None, 6))

During handling of the above exception, another exception occurred:

Traceback (most recent call last):
  File "D:\windlink\windlink\WirelessChargerMonitor\main.py", line 449, in run
    self._open_serial()
  File "D:\windlink\windlink\WirelessChargerMonitor\main.py", line 373, in _open_serial
    self.serial_conn = serial.Serial(self.port, self.baudrate, timeout=0)
  File "C:\Program Files\Python310\lib\site-packages\serial\serialwin32.py", line 33, in __init__
    super(Serial, self).__init__(*args, **kwargs)
  File "C:\Program Files\Python310\lib\site-packages\serial\serialutil.py", line 244, in __init__
    self.open()
  File "C:\Program Files\Python310\lib\site-packages\serial\serialwin32.py", line 64, in open
    raise SerialException("could not open port {!r}: {!r}".format(self.portstr, ctypes.WinError()))
serial.serialutil.SerialException: could not open port 'COM6': FileNotFoundError(2, 'The system cannot find the file specified.', None, 2)
2026-05-31 22:12:35,444 [ERROR] WirelessChargerMonitor: Serial read error on COM6
Traceback (most recent call last):
  File "D:\windlink\windlink\WirelessChargerMonitor\main.py", line 437, in run
    self._read_loop()
  File "D:\windlink\windlink\WirelessChargerMonitor\main.py", line 398, in _read_loop
    waiting = self.serial_conn.in_waiting
  File "C:\Program Files\Python310\lib\site-packages\serial\serialwin32.py", line 259, in in_waiting
    raise SerialException("ClearCommError failed ({!r})".format(ctypes.WinError()))
serial.serialutil.SerialException: ClearCommError failed (OSError(9, 'The handle is invalid.', None, 6))
2026-05-31 22:12:35,444 [WARNING] WirelessChargerMonitor: Reconnect attempt 5/5 on COM6
2026-05-31 22:12:38,455 [WARNING] WirelessChargerMonitor: Reconnect failed on COM6
Traceback (most recent call last):
  File "D:\windlink\windlink\WirelessChargerMonitor\main.py", line 437, in run
    self._read_loop()
  File "D:\windlink\windlink\WirelessChargerMonitor\main.py", line 398, in _read_loop
    waiting = self.serial_conn.in_waiting
  File "C:\Program Files\Python310\lib\site-packages\serial\serialwin32.py", line 259, in in_waiting
    raise SerialException("ClearCommError failed ({!r})".format(ctypes.WinError()))
serial.serialutil.SerialException: ClearCommError failed (OSError(9, 'The handle is invalid.', None, 6))

During handling of the above exception, another exception occurred:

Traceback (most recent call last):
  File "D:\windlink\windlink\WirelessChargerMonitor\main.py", line 449, in run
    self._open_serial()
  File "D:\windlink\windlink\WirelessChargerMonitor\main.py", line 373, in _open_serial
    self.serial_conn = serial.Serial(self.port, self.baudrate, timeout=0)
  File "C:\Program Files\Python310\lib\site-packages\serial\serialwin32.py", line 33, in __init__
    super(Serial, self).__init__(*args, **kwargs)
  File "C:\Program Files\Python310\lib\site-packages\serial\serialutil.py", line 244, in __init__
    self.open()
  File "C:\Program Files\Python310\lib\site-packages\serial\serialwin32.py", line 64, in open
    raise SerialException("could not open port {!r}: {!r}".format(self.portstr, ctypes.WinError()))
serial.serialutil.SerialException: could not open port 'COM6': FileNotFoundError(2, 'The system cannot find the file specified.', None, 2)
2026-05-31 22:12:38,456 [ERROR] WirelessChargerMonitor: Serial read error on COM6
Traceback (most recent call last):
  File "D:\windlink\windlink\WirelessChargerMonitor\main.py", line 437, in run
    self._read_loop()
  File "D:\windlink\windlink\WirelessChargerMonitor\main.py", line 398, in _read_loop
    waiting = self.serial_conn.in_waiting
  File "C:\Program Files\Python310\lib\site-packages\serial\serialwin32.py", line 259, in in_waiting
    raise SerialException("ClearCommError failed ({!r})".format(ctypes.WinError()))
serial.serialutil.SerialException: ClearCommError failed (OSError(9, 'The handle is invalid.', None, 6))
2026-05-31 22:12:38,457 [ERROR] WirelessChargerMonitor: Serial connection lost: ClearCommError failed (OSError(9, 'The handle is invalid.', None, 6))
2026-05-31 22:13:24,972 [INFO] WirelessChargerMonitor: Session closed: id=5 ended_at=2026-05-31 22:13:24
2026-05-31 22:13:36,438 [INFO] WirelessChargerMonitor: Database initialized: charging_data.db
2026-05-31 22:13:36,460 [INFO] WirelessChargerMonitor: Ports scanned: 6 device(s)
2026-05-31 22:13:52,498 [INFO] WirelessChargerMonitor: Session created: id=6 uuid=307A0020 port=COM6
2026-05-31 22:13:52,509 [INFO] WirelessChargerMonitor: Monitoring started: session=6 port=COM6 baud=2000000 demo=False
2026-05-31 22:13:52,512 [INFO] WirelessChargerMonitor: Serial connected: COM6 @ 2000000
2026-05-31 22:15:54,652 [INFO] WirelessChargerMonitor: Session closed: id=6 ended_at=2026-05-31 22:15:54
2026-05-31 22:16:39,328 [INFO] WirelessChargerMonitor.report: PDF report generated: D:/windlink/windlink/WirelessChargerMonitor/Report_S6_20260531_2216.pdf (verdict=PASS, id=RPT-20260531-7C127C)
2026-05-31 22:23:20,246 [INFO] WirelessChargerMonitor: Session created: id=7 uuid=F08EDC8B port=COM6
2026-05-31 22:23:20,260 [INFO] WirelessChargerMonitor: Monitoring started: session=7 port=COM6 baud=2000000 demo=False
2026-05-31 22:23:20,264 [INFO] WirelessChargerMonitor: Serial connected: COM6 @ 2000000
2026-05-31 22:29:33,730 [INFO] WirelessChargerMonitor: Session closed: id=7 ended_at=2026-05-31 22:29:33
2026-05-31 22:38:11,688 [INFO] WirelessChargerMonitor: Database initialized: charging_data.db
2026-05-31 22:38:11,747 [INFO] WirelessChargerMonitor: Ports scanned: 6 device(s)
2026-05-31 22:38:25,212 [INFO] WirelessChargerMonitor: Session created: id=8 uuid=91477D88 port=COM6
2026-05-31 22:38:25,223 [INFO] WirelessChargerMonitor: Monitoring started: session=8 port=COM6 baud=2000000 demo=False
2026-05-31 22:38:25,227 [INFO] WirelessChargerMonitor: Serial connected: COM6 @ 2000000
2026-05-31 22:39:01,098 [INFO] WirelessChargerMonitor: Session closed: id=8 ended_at=2026-05-31 22:39:01
2026-06-01 00:11:47,417 [INFO] WirelessChargerMonitor: Database initialized: charging_data.db
2026-06-01 00:11:47,447 [INFO] WirelessChargerMonitor: Ports scanned: 6 device(s)
2026-06-01 00:12:01,049 [INFO] WirelessChargerMonitor: Session created: id=9 uuid=1D9828A1 port=COM6
2026-06-01 00:12:01,071 [INFO] WirelessChargerMonitor: Monitoring started: session=9 port=COM6 baud=2000000 demo=False
2026-06-01 00:12:01,075 [INFO] WirelessChargerMonitor: Serial connected: COM6 @ 2000000
2026-06-01 00:12:12,199 [INFO] WirelessChargerMonitor: Session closed: id=9 ended_at=2026-06-01 00:12:12
2026-06-01 07:37:07,569 [INFO] WirelessChargerMonitor: Database initialized: charging_data.db
2026-06-01 07:37:07,603 [INFO] WirelessChargerMonitor: Ports scanned: 6 device(s)
2026-06-01 07:37:25,436 [INFO] WirelessChargerMonitor: Session created: id=10 uuid=16515602 port=COM6
2026-06-01 07:37:25,445 [INFO] WirelessChargerMonitor: Monitoring started: session=10 port=COM6 baud=2000000 demo=False
2026-06-01 07:37:25,448 [INFO] WirelessChargerMonitor: Serial connected: COM6 @ 2000000
2026-06-01 07:37:46,293 [INFO] WirelessChargerMonitor: Session closed: id=10 ended_at=2026-06-01 07:37:46
2026-06-03 22:10:33,003 [INFO] WirelessChargerMonitor: DBWorker stopped
2026-06-03 22:10:33,021 [INFO] WirelessChargerMonitor: FetchWorker stopped
2026-06-05 23:03:31,541 [INFO] WirelessChargerMonitor: Database initialized: D:\windlink\windlink\WirelessChargerMonitor\charging_data.db
2026-06-05 23:05:10,158 [INFO] WirelessChargerMonitor: Database initialized: D:\windlink\windlink\WirelessChargerMonitor\charging_data.db
2026-06-05 23:05:10,198 [INFO] WirelessChargerMonitor: Ports scanned: 5 device(s)
2026-06-05 23:07:22,083 [INFO] WirelessChargerMonitor: Session created: id=11 uuid=1E15AA91 port=COM3
2026-06-05 23:07:22,097 [INFO] WirelessChargerMonitor: Monitoring started: session=11 port=COM3 baud=2000000 demo=False
2026-06-05 23:07:22,240 [ERROR] WirelessChargerMonitor: 无法打开串口 COM3 (波特率 2000000): Cannot configure port, something went wrong. Original message: OSError(22, 'The parameter is incorrect.', None, 87)
2026-06-05 23:07:22,245 [ERROR] WirelessChargerMonitor: Serial connection failed, monitoring stopped: 无法打开串口 COM3 (波特率 2000000): Cannot configure port, something went wrong. Original message: OSError(22, 'The parameter is incorrect.', None, 87)
2026-06-05 23:07:31,838 [INFO] WirelessChargerMonitor: Session closed: id=11 ended_at=2026-06-05 23:07:31
2026-06-05 23:07:37,390 [INFO] WirelessChargerMonitor: Session created: id=12 uuid=D4035389 port=COM5
2026-06-05 23:07:37,402 [INFO] WirelessChargerMonitor: Monitoring started: session=12 port=COM5 baud=2000000 demo=False
2026-06-05 23:07:42,608 [ERROR] WirelessChargerMonitor: 无法打开串口 COM5 (波特率 2000000): could not open port 'COM5': OSError(22, 'The semaphore timeout period has expired.', None, 121)
2026-06-05 23:07:42,608 [ERROR] WirelessChargerMonitor: Serial connection failed, monitoring stopped: 无法打开串口 COM5 (波特率 2000000): could not open port 'COM5': OSError(22, 'The semaphore timeout period has expired.', None, 121)
2026-06-05 23:07:45,482 [INFO] WirelessChargerMonitor: Session closed: id=12 ended_at=2026-06-05 23:07:45
2026-06-05 23:07:46,710 [INFO] WirelessChargerMonitor: Ports scanned: 6 device(s)
2026-06-05 23:07:53,444 [INFO] WirelessChargerMonitor: Session created: id=13 uuid=75D9331E port=COM6
2026-06-05 23:07:53,456 [INFO] WirelessChargerMonitor: Monitoring started: session=13 port=COM6 baud=2000000 demo=False
2026-06-05 23:07:53,460 [INFO] WirelessChargerMonitor: Serial connected: COM6 @ 2000000
2026-06-05 23:10:33,609 [INFO] WirelessChargerMonitor: Database initialized: D:\windlink\windlink\WirelessChargerMonitor\charging_data.db
2026-06-05 23:10:33,628 [INFO] WirelessChargerMonitor: Ports scanned: 6 device(s)
2026-06-05 23:10:53,556 [INFO] WirelessChargerMonitor: Session created: id=14 uuid=034C3EA9 port=COM6
2026-06-05 23:10:53,569 [INFO] WirelessChargerMonitor: Monitoring started: session=14 port=COM6 baud=2000000 demo=False
2026-06-05 23:10:53,573 [INFO] WirelessChargerMonitor: Serial connected: COM6 @ 2000000
2026-06-05 23:16:18,830 [INFO] WirelessChargerMonitor: Session closed: id=14 ended_at=2026-06-05 23:16:18
2026-06-05 23:16:18,898 [INFO] WirelessChargerMonitor: DBWorker stopped
2026-06-05 23:16:18,950 [INFO] WirelessChargerMonitor: FetchWorker stopped
2026-06-05 23:16:40,211 [INFO] WirelessChargerMonitor: Database initialized: D:\windlink\windlink\WirelessChargerMonitor\charging_data.db
2026-06-05 23:16:40,231 [INFO] WirelessChargerMonitor: Ports scanned: 6 device(s)
2026-06-05 23:17:26,868 [INFO] WirelessChargerMonitor: DBWorker stopped
2026-06-05 23:17:26,947 [INFO] WirelessChargerMonitor: FetchWorker stopped
2026-06-05 23:30:26,457 [INFO] WirelessChargerMonitor: Database initialized: D:\windlink\windlink\WirelessChargerMonitor\charging_data.db
2026-06-05 23:30:26,478 [INFO] WirelessChargerMonitor: Ports scanned: 6 device(s)
2026-06-05 23:40:27,239 [INFO] WirelessChargerMonitor.report: PDF report generated: _test_report_s14.pdf (verdict=PASS, id=RPT-20260605-F591EA)
2026-06-05 23:41:38,044 [INFO] WirelessChargerMonitor: DBWorker stopped
2026-06-05 23:41:38,091 [INFO] WirelessChargerMonitor: FetchWorker stopped
2026-06-05 23:44:35,805 [INFO] WirelessChargerMonitor: Database initialized: D:\windlink\windlink\WirelessChargerMonitor\charging_data.db
2026-06-05 23:44:35,826 [INFO] WirelessChargerMonitor: Ports scanned: 6 device(s)
2026-06-05 23:45:33,123 [INFO] WirelessChargerMonitor: Ports scanned: 6 device(s)
2026-06-05 23:45:38,748 [INFO] WirelessChargerMonitor: Session created: id=15 uuid=9AA616D5 port=COM6
2026-06-05 23:45:38,766 [INFO] WirelessChargerMonitor: Monitoring started: session=15 port=COM6 baud=2000000 demo=False
2026-06-05 23:45:38,770 [INFO] WirelessChargerMonitor: Serial connected: COM6 @ 2000000
2026-06-05 23:48:13,399 [INFO] WirelessChargerMonitor: Session closed: id=15 ended_at=2026-06-05 23:48:13
2026-06-05 23:48:23,385 [INFO] WirelessChargerMonitor.report: PDF report generated: D:/windlink/windlink/WirelessChargerMonitor/Report_S15_20260605_2348.pdf (verdict=PASS, id=RPT-20260605-0FD84A)
2026-06-05 23:52:36,745 [INFO] WirelessChargerMonitor: DBWorker stopped
2026-06-05 23:52:36,816 [INFO] WirelessChargerMonitor: FetchWorker stopped
2026-06-05 23:52:53,328 [INFO] WirelessChargerMonitor: Database initialized: D:\windlink\windlink\WirelessChargerMonitor\charging_data.db
2026-06-05 23:52:53,353 [INFO] WirelessChargerMonitor: Ports scanned: 6 device(s)
2026-06-05 23:53:07,333 [INFO] WirelessChargerMonitor: Session created: id=16 uuid=B0F7C1AA port=COM6
2026-06-05 23:53:07,343 [INFO] WirelessChargerMonitor: Monitoring started: session=16 port=COM6 baud=2000000 demo=False
2026-06-05 23:53:07,346 [INFO] WirelessChargerMonitor: Serial connected: COM6 @ 2000000
2026-06-05 23:54:16,402 [INFO] WirelessChargerMonitor.report: PDF report generated: _test_cover.pdf (verdict=PASS, id=RPT-20260605-3853F9)
2026-06-05 23:55:02,907 [INFO] WirelessChargerMonitor: Session closed: id=16 ended_at=2026-06-05 23:55:02
2026-06-05 23:56:47,973 [INFO] WirelessChargerMonitor.report: PDF report generated: D:/windlink/windlink/WirelessChargerMonitor/Report_S16_20260605_2356.pdf (verdict=PASS, id=RPT-20260605-261C4B)
2026-06-05 23:57:26,393 [INFO] WirelessChargerMonitor: Database initialized: D:\windlink\windlink\WirelessChargerMonitor\charging_data.db
2026-06-05 23:57:26,407 [INFO] WirelessChargerMonitor: Ports scanned: 6 device(s)
2026-06-05 23:57:42,603 [INFO] WirelessChargerMonitor.report: PDF report generated: D:/windlink/windlink/WirelessChargerMonitor/Report_S16_20260605_2357.pdf (verdict=PASS, id=RPT-20260605-703910)
2026-06-06 00:18:25,216 [INFO] WirelessChargerMonitor: DBWorker stopped
2026-06-06 00:18:25,231 [INFO] WirelessChargerMonitor: FetchWorker stopped
2026-06-06 00:18:37,828 [INFO] WirelessChargerMonitor: Database initialized: D:\windlink\windlink\WirelessChargerMonitor\charging_data.db
2026-06-06 00:18:37,850 [INFO] WirelessChargerMonitor: Ports scanned: 6 device(s)
2026-06-06 00:19:06,869 [INFO] WirelessChargerMonitor: Session created: id=17 uuid=EB2BBB82 port=COM6
2026-06-06 00:19:06,885 [INFO] WirelessChargerMonitor: Monitoring started: session=17 port=COM6 baud=2000000 demo=False
2026-06-06 00:19:06,888 [INFO] WirelessChargerMonitor: Serial connected: COM6 @ 2000000
2026-06-06 00:22:26,141 [INFO] WirelessChargerMonitor: Session closed: id=17 ended_at=2026-06-06 00:22:26
2026-06-06 00:30:02,707 [INFO] WirelessChargerMonitor: Database initialized: D:\windlink\windlink\WirelessChargerMonitor\charging_data.db
2026-06-06 00:30:02,732 [INFO] WirelessChargerMonitor: Ports scanned: 6 device(s)
